---
source: crates/rs-grid-scene/tests/scene_snapshots.rs
expression: frame
---
SceneFrame {
    primitives: [
        Rect(
            RectPrimitive {
                x: 0.0,
                y: 0.0,
                width: 800.0,
                height: 400.0,
                fill: Color {
                    r: 255,
                    g: 255,
                    b: 255,
                    a: 255,
                },
                stroke: None,
                stroke_width: 0.0,
                corner_radius: 0.0,
                clip: None,
            },
        ),
        Text(
            TextPrimitive {
                x: 54.0,
                y: 59.9,
                text: "r0c0",
                color: Color {
                    r: 24,
                    g: 29,
                    b: 31,
                    a: 255,
                },
                font_size: 14.0,
                bold: false,
                italic: false,
                clip: Some(
                    [
                        42.0,
                        40.0,
                        120.0,
                        30.0,
                    ],
                ),
                align: Left,
                max_width: Some(
                    96.0,
                ),
            },
        ),
        Text(
            TextPrimitive {
                x: 174.0,
                y: 59.9,
                text: "r0c1",
                color: Color {
                    r: 24,
                    g: 29,
                    b: 31,
                    a: 255,
                },
                font_size: 14.0,
                bold: false,
                italic: false,
                clip: Some(
                    [
                        162.0,
                        40.0,
                        120.0,
                        30.0,
                    ],
                ),
                align: Left,
                max_width: Some(
                    96.0,
                ),
            },
        ),
        Text(
            TextPrimitive {
                x: 294.0,
                y: 59.9,
                text: "r0c2",
                color: Color {
                    r: 24,
                    g: 29,
                    b: 31,
                    a: 255,
                },
                font_size: 14.0,
                bold: false,
                italic: false,
                clip: Some(
                    [
                        282.0,
                        40.0,
                        120.0,
                        30.0,
                    ],
                ),
                align: Left,
                max_width: Some(
                    96.0,
                ),
            },
        ),
        Text(
            TextPrimitive {
                x: 414.0,
                y: 59.9,
                text: "r0c3",
                color: Color {
                    r: 24,
                    g: 29,
                    b: 31,
                    a: 255,
                },
                font_size: 14.0,
                bold: false,
                italic: false,
                clip: Some(
                    [
                        402.0,
                        40.0,
                        120.0,
                        30.0,
                    ],
                ),
                align: Left,
                max_width: Some(
                    96.0,
                ),
            },
        ),
        Text(
            TextPrimitive {
                x: 534.0,
                y: 59.9,
                text: "r0c4",
                color: Color {
                    r: 24,
                    g: 29,
                    b: 31,
                    a: 255,
                },
                font_size: 14.0,
                bold: false,
                italic: false,
                clip: Some(
                    [
                        522.0,
                        40.0,
                        120.0,
                        30.0,
                    ],
                ),
                align: Left,
                max_width: Some(
                    96.0,
                ),
            },
        ),
        Line(
            LinePrimitive {
                x1: 0.0,
                y1: 69.5,
                x2: 800.0,
                y2: 69.5,
                color: Color {
                    r: 226,
                    g: 232,
                    b: 240,
                    a: 255,
                },
                width: 1.0,
            },
        ),
        Rect(
            RectPrimitive {
                x: 0.0,
                y: 70.0,
                width: 800.0,
                height: 30.0,
                fill: Color {
                    r: 255,
                    g: 255,
                    b: 255,
                    a: 255,
                },
                stroke: None,
                stroke_width: 0.0,
                corner_radius: 0.0,
                clip: None,
            },
        ),
        Text(
            TextPrimitive {
                x: 54.0,
                y: 89.9,
                text: "r1c0",
                color: Color {
                    r: 24,
                    g: 29,
                    b: 31,
                    a: 255,
                },
                font_size: 14.0,
                bold: false,
                italic: false,
                clip: Some(
                    [
                        42.0,
                        70.0,
                        120.0,
                        30.0,
                    ],
                ),
                align: Left,
                max_width: Some(
                    96.0,
                ),
            },
        ),
        Text(
            TextPrimitive {
                x: 174.0,
                y: 89.9,
                text: "r1c1",
                color: Color {
                    r: 24,
                    g: 29,
                    b: 31,
                    a: 255,
                },
                font_size: 14.0,
                bold: false,
                italic: false,
                clip: Some(
                    [
                        162.0,
                        70.0,
                        120.0,
                        30.0,
                    ],
                ),
                align: Left,
                max_width: Some(
                    96.0,
                ),
            },
        ),
        Text(
            TextPrimitive {
                x: 294.0,
                y: 89.9,
                text: "r1c2",
                color: Color {
                    r: 24,
                    g: 29,
                    b: 31,
                    a: 255,
                },
                font_size: 14.0,
                bold: false,
                italic: false,
                clip: Some(
                    [
                        282.0,
                        70.0,
                        120.0,
                        30.0,
                    ],
                ),
                align: Left,
                max_width: Some(
                    96.0,
                ),
            },
        ),
        Text(
            TextPrimitive {
                x: 414.0,
                y: 89.9,
                text: "r1c3",
                color: Color {
                    r: 24,
                    g: 29,
                    b: 31,
                    a: 255,
                },
                font_size: 14.0,
                bold: false,
                italic: false,
                clip: Some(
                    [
                        402.0,
                        70.0,
                        120.0,
                        30.0,
                    ],
                ),
                align: Left,
                max_width: Some(
                    96.0,
                ),
            },
        ),
        Text(
            TextPrimitive {
                x: 534.0,
                y: 89.9,
                text: "r1c4",
                color: Color {
                    r: 24,
                    g: 29,
                    b: 31,
                    a: 255,
                },
                font_size: 14.0,
                bold: false,
                italic: false,
                clip: Some(
                    [
                        522.0,
                        70.0,
                        120.0,
                        30.0,
                    ],
                ),
                align: Left,
                max_width: Some(
                    96.0,
                ),
            },
        ),
        Line(
            LinePrimitive {
                x1: 0.0,
                y1: 99.5,
                x2: 800.0,
                y2: 99.5,
                color: Color {
                    r: 226,
                    g: 232,
                    b: 240,
                    a: 255,
                },
                width: 1.0,
            },
        ),
        Text(
            TextPrimitive {
                x: 54.0,
                y: 119.9,
                text: "r2c0",
                color: Color {
                    r: 24,
                    g: 29,
                    b: 31,
                    a: 255,
                },
                font_size: 14.0,
                bold: false,
                italic: false,
                clip: Some(
                    [
                        42.0,
                        100.0,
                        120.0,
                        30.0,
                    ],
                ),
                align: Left,
                max_width: Some(
                    96.0,
                ),
            },
        ),
        Rect(
            RectPrimitive {
                x: 162.0,
                y: 100.0,
                width: 120.0,
                height: 30.0,
                fill: Color {
                    r: 33,
                    g: 150,
                    b: 243,
                    a: 51,
                },
                stroke: None,
                stroke_width: 0.0,
                corner_radius: 0.0,
                clip: None,
            },
        ),
        Text(
            TextPrimitive {
                x: 174.0,
                y: 119.9,
                text: "r2c1",
                color: Color {
                    r: 24,
                    g: 29,
                    b: 31,
                    a: 255,
                },
                font_size: 14.0,
                bold: false,
                italic: false,
                clip: Some(
                    [
                        162.0,
                        100.0,
                        120.0,
                        30.0,
                    ],
                ),
                align: Left,
                max_width: Some(
                    96.0,
                ),
            },
        ),
        Text(
            TextPrimitive {
                x: 294.0,
                y: 119.9,
                text: "r2c2",
                color: Color {
                    r: 24,
                    g: 29,
                    b: 31,
                    a: 255,
                },
                font_size: 14.0,
                bold: false,
                italic: false,
                clip: Some(
                    [
                        282.0,
                        100.0,
                        120.0,
                        30.0,
                    ],
                ),
                align: Left,
                max_width: Some(
                    96.0,
                ),
            },
        ),
        Text(
            TextPrimitive {
                x: 414.0,
                y: 119.9,
                text: "r2c3",
                color: Color {
                    r: 24,
                    g: 29,
                    b: 31,
                    a: 255,
                },
                font_size: 14.0,
                bold: false,
                italic: false,
                clip: Some(
                    [
                        402.0,
                        100.0,
                        120.0,
                        30.0,
                    ],
                ),
                align: Left,
                max_width: Some(
                    96.0,
                ),
            },
        ),
        Text(
            TextPrimitive {
                x: 534.0,
                y: 119.9,
                text: "r2c4",
                color: Color {
                    r: 24,
                    g: 29,
                    b: 31,
                    a: 255,
                },
                font_size: 14.0,
                bold: false,
                italic: false,
                clip: Some(
                    [
                        522.0,
                        100.0,
                        120.0,
                        30.0,
                    ],
                ),
                align: Left,
                max_width: Some(
                    96.0,
                ),
            },
        ),
        Line(
            LinePrimitive {
                x1: 0.0,
                y1: 129.5,
                x2: 800.0,
                y2: 129.5,
                color: Color {
                    r: 226,
                    g: 232,
                    b: 240,
                    a: 255,
                },
                width: 1.0,
            },
        ),
        Rect(
            RectPrimitive {
                x: 0.0,
                y: 130.0,
                width: 800.0,
                height: 30.0,
                fill: Color {
                    r: 255,
                    g: 255,
                    b: 255,
                    a: 255,
                },
                stroke: None,
                stroke_width: 0.0,
                corner_radius: 0.0,
                clip: None,
            },
        ),
        Text(
            TextPrimitive {
                x: 54.0,
                y: 149.9,
                text: "r3c0",
                color: Color {
                    r: 24,
                    g: 29,
                    b: 31,
                    a: 255,
                },
                font_size: 14.0,
                bold: false,
                italic: false,
                clip: Some(
                    [
                        42.0,
                        130.0,
                        120.0,
                        30.0,
                    ],
                ),
                align: Left,
                max_width: Some(
                    96.0,
                ),
            },
        ),
        Text(
            TextPrimitive {
                x: 174.0,
                y: 149.9,
                text: "r3c1",
                color: Color {
                    r: 24,
                    g: 29,
                    b: 31,
                    a: 255,
                },
                font_size: 14.0,
                bold: false,
                italic: false,
                clip: Some(
                    [
                        162.0,
                        130.0,
                        120.0,
                        30.0,
                    ],
                ),
                align: Left,
                max_width: Some(
                    96.0,
                ),
            },
        ),
        Text(
            TextPrimitive {
                x: 294.0,
                y: 149.9,
                text: "r3c2",
                color: Color {
                    r: 24,
                    g: 29,
                    b: 31,
                    a: 255,
                },
                font_size: 14.0,
                bold: false,
                italic: false,
                clip: Some(
                    [
                        282.0,
                        130.0,
                        120.0,
                        30.0,
                    ],
                ),
                align: Left,
                max_width: Some(
                    96.0,
                ),
            },
        ),
        Text(
            TextPrimitive {
                x: 414.0,
                y: 149.9,
                text: "r3c3",
                color: Color {
                    r: 24,
                    g: 29,
                    b: 31,
                    a: 255,
                },
                font_size: 14.0,
                bold: false,
                italic: false,
                clip: Some(
                    [
                        402.0,
                        130.0,
                        120.0,
                        30.0,
                    ],
                ),
                align: Left,
                max_width: Some(
                    96.0,
                ),
            },
        ),
        Text(
            TextPrimitive {
                x: 534.0,
                y: 149.9,
                text: "r3c4",
                color: Color {
                    r: 24,
                    g: 29,
                    b: 31,
                    a: 255,
                },
                font_size: 14.0,
                bold: false,
                italic: false,
                clip: Some(
                    [
                        522.0,
                        130.0,
                        120.0,
                        30.0,
                    ],
                ),
                align: Left,
                max_width: Some(
                    96.0,
                ),
            },
        ),
        Line(
            LinePrimitive {
                x1: 0.0,
                y1: 159.5,
                x2: 800.0,
                y2: 159.5,
                color: Color {
                    r: 226,
                    g: 232,
                    b: 240,
                    a: 255,
                },
                width: 1.0,
            },
        ),
        Text(
            TextPrimitive {
                x: 54.0,
                y: 179.9,
                text: "r4c0",
                color: Color {
                    r: 24,
                    g: 29,
                    b: 31,
                    a: 255,
                },
                font_size: 14.0,
                bold: false,
                italic: false,
                clip: Some(
                    [
                        42.0,
                        160.0,
                        120.0,
                        30.0,
                    ],
                ),
                align: Left,
                max_width: Some(
                    96.0,
                ),
            },
        ),
        Text(
            TextPrimitive {
                x: 174.0,
                y: 179.9,
                text: "r4c1",
                color: Color {
                    r: 24,
                    g: 29,
                    b: 31,
                    a: 255,
                },
                font_size: 14.0,
                bold: false,
                italic: false,
                clip: Some(
                    [
                        162.0,
                        160.0,
                        120.0,
                        30.0,
                    ],
                ),
                align: Left,
                max_width: Some(
                    96.0,
                ),
            },
        ),
        Text(
            TextPrimitive {
                x: 294.0,
                y: 179.9,
                text: "r4c2",
                color: Color {
                    r: 24,
                    g: 29,
                    b: 31,
                    a: 255,
                },
                font_size: 14.0,
                bold: false,
                italic: false,
                clip: Some(
                    [
                        282.0,
                        160.0,
                        120.0,
                        30.0,
                    ],
                ),
                align: Left,
                max_width: Some(
                    96.0,
                ),
            },
        ),
        Text(
            TextPrimitive {
                x: 414.0,
                y: 179.9,
                text: "r4c3",
                color: Color {
                    r: 24,
                    g: 29,
                    b: 31,
                    a: 255,
                },
                font_size: 14.0,
                bold: false,
                italic: false,
                clip: Some(
                    [
                        402.0,
                        160.0,
                        120.0,
                        30.0,
                    ],
                ),
                align: Left,
                max_width: Some(
                    96.0,
                ),
            },
        ),
        Text(
            TextPrimitive {
                x: 534.0,
                y: 179.9,
                text: "r4c4",
                color: Color {
                    r: 24,
                    g: 29,
                    b: 31,
                    a: 255,
                },
                font_size: 14.0,
                bold: false,
                italic: false,
                clip: Some(
                    [
                        522.0,
                        160.0,
                        120.0,
                        30.0,
                    ],
                ),
                align: Left,
                max_width: Some(
                    96.0,
                ),
            },
        ),
        Line(
            LinePrimitive {
                x1: 0.0,
                y1: 189.5,
                x2: 800.0,
                y2: 189.5,
                color: Color {
                    r: 226,
                    g: 232,
                    b: 240,
                    a: 255,
                },
                width: 1.0,
            },
        ),
        Rect(
            RectPrimitive {
                x: 0.0,
                y: 190.0,
                width: 800.0,
                height: 30.0,
                fill: Color {
                    r: 255,
                    g: 255,
                    b: 255,
                    a: 255,
                },
                stroke: None,
                stroke_width: 0.0,
                corner_radius: 0.0,
                clip: None,
            },
        ),
        Text(
            TextPrimitive {
                x: 54.0,
                y: 209.9,
                text: "r5c0",
                color: Color {
                    r: 24,
                    g: 29,
                    b: 31,
                    a: 255,
                },
                font_size: 14.0,
                bold: false,
                italic: false,
                clip: Some(
                    [
                        42.0,
                        190.0,
                        120.0,
                        30.0,
                    ],
                ),
                align: Left,
                max_width: Some(
                    96.0,
                ),
            },
        ),
        Text(
            TextPrimitive {
                x: 174.0,
                y: 209.9,
                text: "r5c1",
                color: Color {
                    r: 24,
                    g: 29,
                    b: 31,
                    a: 255,
                },
                font_size: 14.0,
                bold: false,
                italic: false,
                clip: Some(
                    [
                        162.0,
                        190.0,
                        120.0,
                        30.0,
                    ],
                ),
                align: Left,
                max_width: Some(
                    96.0,
                ),
            },
        ),
        Text(
            TextPrimitive {
                x: 294.0,
                y: 209.9,
                text: "r5c2",
                color: Color {
                    r: 24,
                    g: 29,
                    b: 31,
                    a: 255,
                },
                font_size: 14.0,
                bold: false,
                italic: false,
                clip: Some(
                    [
                        282.0,
                        190.0,
                        120.0,
                        30.0,
                    ],
                ),
                align: Left,
                max_width: Some(
                    96.0,
                ),
            },
        ),
        Text(
            TextPrimitive {
                x: 414.0,
                y: 209.9,
                text: "r5c3",
                color: Color {
                    r: 24,
                    g: 29,
                    b: 31,
                    a: 255,
                },
                font_size: 14.0,
                bold: false,
                italic: false,
                clip: Some(
                    [
                        402.0,
                        190.0,
                        120.0,
                        30.0,
                    ],
                ),
                align: Left,
                max_width: Some(
                    96.0,
                ),
            },
        ),
        Text(
            TextPrimitive {
                x: 534.0,
                y: 209.9,
                text: "r5c4",
                color: Color {
                    r: 24,
                    g: 29,
                    b: 31,
                    a: 255,
                },
                font_size: 14.0,
                bold: false,
                italic: false,
                clip: Some(
                    [
                        522.0,
                        190.0,
                        120.0,
                        30.0,
                    ],
                ),
                align: Left,
                max_width: Some(
                    96.0,
                ),
            },
        ),
        Line(
            LinePrimitive {
                x1: 0.0,
                y1: 219.5,
                x2: 800.0,
                y2: 219.5,
                color: Color {
                    r: 226,
                    g: 232,
                    b: 240,
                    a: 255,
                },
                width: 1.0,
            },
        ),
        Text(
            TextPrimitive {
                x: 54.0,
                y: 239.9,
                text: "r6c0",
                color: Color {
                    r: 24,
                    g: 29,
                    b: 31,
                    a: 255,
                },
                font_size: 14.0,
                bold: false,
                italic: false,
                clip: Some(
                    [
                        42.0,
                        220.0,
                        120.0,
                        30.0,
                    ],
                ),
                align: Left,
                max_width: Some(
                    96.0,
                ),
            },
        ),
        Text(
            TextPrimitive {
                x: 174.0,
                y: 239.9,
                text: "r6c1",
                color: Color {
                    r: 24,
                    g: 29,
                    b: 31,
                    a: 255,
                },
                font_size: 14.0,
                bold: false,
                italic: false,
                clip: Some(
                    [
                        162.0,
                        220.0,
                        120.0,
                        30.0,
                    ],
                ),
                align: Left,
                max_width: Some(
                    96.0,
                ),
            },
        ),
        Text(
            TextPrimitive {
                x: 294.0,
                y: 239.9,
                text: "r6c2",
                color: Color {
                    r: 24,
                    g: 29,
                    b: 31,
                    a: 255,
                },
                font_size: 14.0,
                bold: false,
                italic: false,
                clip: Some(
                    [
                        282.0,
                        220.0,
                        120.0,
                        30.0,
                    ],
                ),
                align: Left,
                max_width: Some(
                    96.0,
                ),
            },
        ),
        Text(
            TextPrimitive {
                x: 414.0,
                y: 239.9,
                text: "r6c3",
                color: Color {
                    r: 24,
                    g: 29,
                    b: 31,
                    a: 255,
                },
                font_size: 14.0,
                bold: false,
                italic: false,
                clip: Some(
                    [
                        402.0,
                        220.0,
                        120.0,
                        30.0,
                    ],
                ),
                align: Left,
                max_width: Some(
                    96.0,
                ),
            },
        ),
        Text(
            TextPrimitive {
                x: 534.0,
                y: 239.9,
                text: "r6c4",
                color: Color {
                    r: 24,
                    g: 29,
                    b: 31,
                    a: 255,
                },
                font_size: 14.0,
                bold: false,
                italic: false,
                clip: Some(
                    [
                        522.0,
                        220.0,
                        120.0,
                        30.0,
                    ],
                ),
                align: Left,
                max_width: Some(
                    96.0,
                ),
            },
        ),
        Line(
            LinePrimitive {
                x1: 0.0,
                y1: 249.5,
                x2: 800.0,
                y2: 249.5,
                color: Color {
                    r: 226,
                    g: 232,
                    b: 240,
                    a: 255,
                },
                width: 1.0,
            },
        ),
        Rect(
            RectPrimitive {
                x: 0.0,
                y: 250.0,
                width: 800.0,
                height: 30.0,
                fill: Color {
                    r: 255,
                    g: 255,
                    b: 255,
                    a: 255,
                },
                stroke: None,
                stroke_width: 0.0,
                corner_radius: 0.0,
                clip: None,
            },
        ),
        Text(
            TextPrimitive {
                x: 54.0,
                y: 269.9,
                text: "r7c0",
                color: Color {
                    r: 24,
                    g: 29,
                    b: 31,
                    a: 255,
                },
                font_size: 14.0,
                bold: false,
                italic: false,
                clip: Some(
                    [
                        42.0,
                        250.0,
                        120.0,
                        30.0,
                    ],
                ),
                align: Left,
                max_width: Some(
                    96.0,
                ),
            },
        ),
        Text(
            TextPrimitive {
                x: 174.0,
                y: 269.9,
                text: "r7c1",
                color: Color {
                    r: 24,
                    g: 29,
                    b: 31,
                    a: 255,
                },
                font_size: 14.0,
                bold: false,
                italic: false,
                clip: Some(
                    [
                        162.0,
                        250.0,
                        120.0,
                        30.0,
                    ],
                ),
                align: Left,
                max_width: Some(
                    96.0,
                ),
            },
        ),
        Text(
            TextPrimitive {
                x: 294.0,
                y: 269.9,
                text: "r7c2",
                color: Color {
                    r: 24,
                    g: 29,
                    b: 31,
                    a: 255,
                },
                font_size: 14.0,
                bold: false,
                italic: false,
                clip: Some(
                    [
                        282.0,
                        250.0,
                        120.0,
                        30.0,
                    ],
                ),
                align: Left,
                max_width: Some(
                    96.0,
                ),
            },
        ),
        Text(
            TextPrimitive {
                x: 414.0,
                y: 269.9,
                text: "r7c3",
                color: Color {
                    r: 24,
                    g: 29,
                    b: 31,
                    a: 255,
                },
                font_size: 14.0,
                bold: false,
                italic: false,
                clip: Some(
                    [
                        402.0,
                        250.0,
                        120.0,
                        30.0,
                    ],
                ),
                align: Left,
                max_width: Some(
                    96.0,
                ),
            },
        ),
        Text(
            TextPrimitive {
                x: 534.0,
                y: 269.9,
                text: "r7c4",
                color: Color {
                    r: 24,
                    g: 29,
                    b: 31,
                    a: 255,
                },
                font_size: 14.0,
                bold: false,
                italic: false,
                clip: Some(
                    [
                        522.0,
                        250.0,
                        120.0,
                        30.0,
                    ],
                ),
                align: Left,
                max_width: Some(
                    96.0,
                ),
            },
        ),
        Line(
            LinePrimitive {
                x1: 0.0,
                y1: 279.5,
                x2: 800.0,
                y2: 279.5,
                color: Color {
                    r: 226,
                    g: 232,
                    b: 240,
                    a: 255,
                },
                width: 1.0,
            },
        ),
        Text(
            TextPrimitive {
                x: 54.0,
                y: 299.9,
                text: "r8c0",
                color: Color {
                    r: 24,
                    g: 29,
                    b: 31,
                    a: 255,
                },
                font_size: 14.0,
                bold: false,
                italic: false,
                clip: Some(
                    [
                        42.0,
                        280.0,
                        120.0,
                        30.0,
                    ],
                ),
                align: Left,
                max_width: Some(
                    96.0,
                ),
            },
        ),
        Text(
            TextPrimitive {
                x: 174.0,
                y: 299.9,
                text: "r8c1",
                color: Color {
                    r: 24,
                    g: 29,
                    b: 31,
                    a: 255,
                },
                font_size: 14.0,
                bold: false,
                italic: false,
                clip: Some(
                    [
                        162.0,
                        280.0,
                        120.0,
                        30.0,
                    ],
                ),
                align: Left,
                max_width: Some(
                    96.0,
                ),
            },
        ),
        Text(
            TextPrimitive {
                x: 294.0,
                y: 299.9,
                text: "r8c2",
                color: Color {
                    r: 24,
                    g: 29,
                    b: 31,
                    a: 255,
                },
                font_size: 14.0,
                bold: false,
                italic: false,
                clip: Some(
                    [
                        282.0,
                        280.0,
                        120.0,
                        30.0,
                    ],
                ),
                align: Left,
                max_width: Some(
                    96.0,
                ),
            },
        ),
        Text(
            TextPrimitive {
                x: 414.0,
                y: 299.9,
                text: "r8c3",
                color: Color {
                    r: 24,
                    g: 29,
                    b: 31,
                    a: 255,
                },
                font_size: 14.0,
                bold: false,
                italic: false,
                clip: Some(
                    [
                        402.0,
                        280.0,
                        120.0,
                        30.0,
                    ],
                ),
                align: Left,
                max_width: Some(
                    96.0,
                ),
            },
        ),
        Text(
            TextPrimitive {
                x: 534.0,
                y: 299.9,
                text: "r8c4",
                color: Color {
                    r: 24,
                    g: 29,
                    b: 31,
                    a: 255,
                },
                font_size: 14.0,
                bold: false,
                italic: false,
                clip: Some(
                    [
                        522.0,
                        280.0,
                        120.0,
                        30.0,
                    ],
                ),
                align: Left,
                max_width: Some(
                    96.0,
                ),
            },
        ),
        Line(
            LinePrimitive {
                x1: 0.0,
                y1: 309.5,
                x2: 800.0,
                y2: 309.5,
                color: Color {
                    r: 226,
                    g: 232,
                    b: 240,
                    a: 255,
                },
                width: 1.0,
            },
        ),
        Rect(
            RectPrimitive {
                x: 0.0,
                y: 310.0,
                width: 800.0,
                height: 30.0,
                fill: Color {
                    r: 255,
                    g: 255,
                    b: 255,
                    a: 255,
                },
                stroke: None,
                stroke_width: 0.0,
                corner_radius: 0.0,
                clip: None,
            },
        ),
        Text(
            TextPrimitive {
                x: 54.0,
                y: 329.9,
                text: "r9c0",
                color: Color {
                    r: 24,
                    g: 29,
                    b: 31,
                    a: 255,
                },
                font_size: 14.0,
                bold: false,
                italic: false,
                clip: Some(
                    [
                        42.0,
                        310.0,
                        120.0,
                        30.0,
                    ],
                ),
                align: Left,
                max_width: Some(
                    96.0,
                ),
            },
        ),
        Text(
            TextPrimitive {
                x: 174.0,
                y: 329.9,
                text: "r9c1",
                color: Color {
                    r: 24,
                    g: 29,
                    b: 31,
                    a: 255,
                },
                font_size: 14.0,
                bold: false,
                italic: false,
                clip: Some(
                    [
                        162.0,
                        310.0,
                        120.0,
                        30.0,
                    ],
                ),
                align: Left,
                max_width: Some(
                    96.0,
                ),
            },
        ),
        Text(
            TextPrimitive {
                x: 294.0,
                y: 329.9,
                text: "r9c2",
                color: Color {
                    r: 24,
                    g: 29,
                    b: 31,
                    a: 255,
                },
                font_size: 14.0,
                bold: false,
                italic: false,
                clip: Some(
                    [
                        282.0,
                        310.0,
                        120.0,
                        30.0,
                    ],
                ),
                align: Left,
                max_width: Some(
                    96.0,
                ),
            },
        ),
        Text(
            TextPrimitive {
                x: 414.0,
                y: 329.9,
                text: "r9c3",
                color: Color {
                    r: 24,
                    g: 29,
                    b: 31,
                    a: 255,
                },
                font_size: 14.0,
                bold: false,
                italic: false,
                clip: Some(
                    [
                        402.0,
                        310.0,
                        120.0,
                        30.0,
                    ],
                ),
                align: Left,
                max_width: Some(
                    96.0,
                ),
            },
        ),
        Text(
            TextPrimitive {
                x: 534.0,
                y: 329.9,
                text: "r9c4",
                color: Color {
                    r: 24,
                    g: 29,
                    b: 31,
                    a: 255,
                },
                font_size: 14.0,
                bold: false,
                italic: false,
                clip: Some(
                    [
                        522.0,
                        310.0,
                        120.0,
                        30.0,
                    ],
                ),
                align: Left,
                max_width: Some(
                    96.0,
                ),
            },
        ),
        Line(
            LinePrimitive {
                x1: 0.0,
                y1: 339.5,
                x2: 800.0,
                y2: 339.5,
                color: Color {
                    r: 226,
                    g: 232,
                    b: 240,
                    a: 255,
                },
                width: 1.0,
            },
        ),
        Text(
            TextPrimitive {
                x: 54.0,
                y: 359.9,
                text: "r10c0",
                color: Color {
                    r: 24,
                    g: 29,
                    b: 31,
                    a: 255,
                },
                font_size: 14.0,
                bold: false,
                italic: false,
                clip: Some(
                    [
                        42.0,
                        340.0,
                        120.0,
                        30.0,
                    ],
                ),
                align: Left,
                max_width: Some(
                    96.0,
                ),
            },
        ),
        Text(
            TextPrimitive {
                x: 174.0,
                y: 359.9,
                text: "r10c1",
                color: Color {
                    r: 24,
                    g: 29,
                    b: 31,
                    a: 255,
                },
                font_size: 14.0,
                bold: false,
                italic: false,
                clip: Some(
                    [
                        162.0,
                        340.0,
                        120.0,
                        30.0,
                    ],
                ),
                align: Left,
                max_width: Some(
                    96.0,
                ),
            },
        ),
        Text(
            TextPrimitive {
                x: 294.0,
                y: 359.9,
                text: "r10c2",
                color: Color {
                    r: 24,
                    g: 29,
                    b: 31,
                    a: 255,
                },
                font_size: 14.0,
                bold: false,
                italic: false,
                clip: Some(
                    [
                        282.0,
                        340.0,
                        120.0,
                        30.0,
                    ],
                ),
                align: Left,
                max_width: Some(
                    96.0,
                ),
            },
        ),
        Text(
            TextPrimitive {
                x: 414.0,
                y: 359.9,
                text: "r10c3",
                color: Color {
                    r: 24,
                    g: 29,
                    b: 31,
                    a: 255,
                },
                font_size: 14.0,
                bold: false,
                italic: false,
                clip: Some(
                    [
                        402.0,
                        340.0,
                        120.0,
                        30.0,
                    ],
                ),
                align: Left,
                max_width: Some(
                    96.0,
                ),
            },
        ),
        Text(
            TextPrimitive {
                x: 534.0,
                y: 359.9,
                text: "r10c4",
                color: Color {
                    r: 24,
                    g: 29,
                    b: 31,
                    a: 255,
                },
                font_size: 14.0,
                bold: false,
                italic: false,
                clip: Some(
                    [
                        522.0,
                        340.0,
                        120.0,
                        30.0,
                    ],
                ),
                align: Left,
                max_width: Some(
                    96.0,
                ),
            },
        ),
        Line(
            LinePrimitive {
                x1: 0.0,
                y1: 369.5,
                x2: 800.0,
                y2: 369.5,
                color: Color {
                    r: 226,
                    g: 232,
                    b: 240,
                    a: 255,
                },
                width: 1.0,
            },
        ),
        Rect(
            RectPrimitive {
                x: 0.0,
                y: 370.0,
                width: 800.0,
                height: 30.0,
                fill: Color {
                    r: 255,
                    g: 255,
                    b: 255,
                    a: 255,
                },
                stroke: None,
                stroke_width: 0.0,
                corner_radius: 0.0,
                clip: None,
            },
        ),
        Text(
            TextPrimitive {
                x: 54.0,
                y: 389.9,
                text: "r11c0",
                color: Color {
                    r: 24,
                    g: 29,
                    b: 31,
                    a: 255,
                },
                font_size: 14.0,
                bold: false,
                italic: false,
                clip: Some(
                    [
                        42.0,
                        370.0,
                        120.0,
                        30.0,
                    ],
                ),
                align: Left,
                max_width: Some(
                    96.0,
                ),
            },
        ),
        Text(
            TextPrimitive {
                x: 174.0,
                y: 389.9,
                text: "r11c1",
                color: Color {
                    r: 24,
                    g: 29,
                    b: 31,
                    a: 255,
                },
                font_size: 14.0,
                bold: false,
                italic: false,
                clip: Some(
                    [
                        162.0,
                        370.0,
                        120.0,
                        30.0,
                    ],
                ),
                align: Left,
                max_width: Some(
                    96.0,
                ),
            },
        ),
        Text(
            TextPrimitive {
                x: 294.0,
                y: 389.9,
                text: "r11c2",
                color: Color {
                    r: 24,
                    g: 29,
                    b: 31,
                    a: 255,
                },
                font_size: 14.0,
                bold: false,
                italic: false,
                clip: Some(
                    [
                        282.0,
                        370.0,
                        120.0,
                        30.0,
                    ],
                ),
                align: Left,
                max_width: Some(
                    96.0,
                ),
            },
        ),
        Text(
            TextPrimitive {
                x: 414.0,
                y: 389.9,
                text: "r11c3",
                color: Color {
                    r: 24,
                    g: 29,
                    b: 31,
                    a: 255,
                },
                font_size: 14.0,
                bold: false,
                italic: false,
                clip: Some(
                    [
                        402.0,
                        370.0,
                        120.0,
                        30.0,
                    ],
                ),
                align: Left,
                max_width: Some(
                    96.0,
                ),
            },
        ),
        Text(
            TextPrimitive {
                x: 534.0,
                y: 389.9,
                text: "r11c4",
                color: Color {
                    r: 24,
                    g: 29,
                    b: 31,
                    a: 255,
                },
                font_size: 14.0,
                bold: false,
                italic: false,
                clip: Some(
                    [
                        522.0,
                        370.0,
                        120.0,
                        30.0,
                    ],
                ),
                align: Left,
                max_width: Some(
                    96.0,
                ),
            },
        ),
        Line(
            LinePrimitive {
                x1: 0.0,
                y1: 399.5,
                x2: 800.0,
                y2: 399.5,
                color: Color {
                    r: 226,
                    g: 232,
                    b: 240,
                    a: 255,
                },
                width: 1.0,
            },
        ),
        Text(
            TextPrimitive {
                x: 54.0,
                y: 419.9,
                text: "r12c0",
                color: Color {
                    r: 24,
                    g: 29,
                    b: 31,
                    a: 255,
                },
                font_size: 14.0,
                bold: false,
                italic: false,
                clip: Some(
                    [
                        42.0,
                        400.0,
                        120.0,
                        30.0,
                    ],
                ),
                align: Left,
                max_width: Some(
                    96.0,
                ),
            },
        ),
        Text(
            TextPrimitive {
                x: 174.0,
                y: 419.9,
                text: "r12c1",
                color: Color {
                    r: 24,
                    g: 29,
                    b: 31,
                    a: 255,
                },
                font_size: 14.0,
                bold: false,
                italic: false,
                clip: Some(
                    [
                        162.0,
                        400.0,
                        120.0,
                        30.0,
                    ],
                ),
                align: Left,
                max_width: Some(
                    96.0,
                ),
            },
        ),
        Text(
            TextPrimitive {
                x: 294.0,
                y: 419.9,
                text: "r12c2",
                color: Color {
                    r: 24,
                    g: 29,
                    b: 31,
                    a: 255,
                },
                font_size: 14.0,
                bold: false,
                italic: false,
                clip: Some(
                    [
                        282.0,
                        400.0,
                        120.0,
                        30.0,
                    ],
                ),
                align: Left,
                max_width: Some(
                    96.0,
                ),
            },
        ),
        Text(
            TextPrimitive {
                x: 414.0,
                y: 419.9,
                text: "r12c3",
                color: Color {
                    r: 24,
                    g: 29,
                    b: 31,
                    a: 255,
                },
                font_size: 14.0,
                bold: false,
                italic: false,
                clip: Some(
                    [
                        402.0,
                        400.0,
                        120.0,
                        30.0,
                    ],
                ),
                align: Left,
                max_width: Some(
                    96.0,
                ),
            },
        ),
        Text(
            TextPrimitive {
                x: 534.0,
                y: 419.9,
                text: "r12c4",
                color: Color {
                    r: 24,
                    g: 29,
                    b: 31,
                    a: 255,
                },
                font_size: 14.0,
                bold: false,
                italic: false,
                clip: Some(
                    [
                        522.0,
                        400.0,
                        120.0,
                        30.0,
                    ],
                ),
                align: Left,
                max_width: Some(
                    96.0,
                ),
            },
        ),
        Line(
            LinePrimitive {
                x1: 0.0,
                y1: 429.5,
                x2: 800.0,
                y2: 429.5,
                color: Color {
                    r: 226,
                    g: 232,
                    b: 240,
                    a: 255,
                },
                width: 1.0,
            },
        ),
        Line(
            LinePrimitive {
                x1: 161.5,
                y1: 40.0,
                x2: 161.5,
                y2: 400.0,
                color: Color {
                    r: 226,
                    g: 232,
                    b: 240,
                    a: 255,
                },
                width: 1.0,
            },
        ),
        Line(
            LinePrimitive {
                x1: 281.5,
                y1: 40.0,
                x2: 281.5,
                y2: 400.0,
                color: Color {
                    r: 226,
                    g: 232,
                    b: 240,
                    a: 255,
                },
                width: 1.0,
            },
        ),
        Line(
            LinePrimitive {
                x1: 401.5,
                y1: 40.0,
                x2: 401.5,
                y2: 400.0,
                color: Color {
                    r: 226,
                    g: 232,
                    b: 240,
                    a: 255,
                },
                width: 1.0,
            },
        ),
        Line(
            LinePrimitive {
                x1: 521.5,
                y1: 40.0,
                x2: 521.5,
                y2: 400.0,
                color: Color {
                    r: 226,
                    g: 232,
                    b: 240,
                    a: 255,
                },
                width: 1.0,
            },
        ),
        Line(
            LinePrimitive {
                x1: 641.5,
                y1: 40.0,
                x2: 641.5,
                y2: 400.0,
                color: Color {
                    r: 226,
                    g: 232,
                    b: 240,
                    a: 255,
                },
                width: 1.0,
            },
        ),
        Line(
            LinePrimitive {
                x1: 162.0,
                y1: 99.5,
                x2: 282.0,
                y2: 99.5,
                color: Color {
                    r: 33,
                    g: 150,
                    b: 243,
                    a: 217,
                },
                width: 1.0,
            },
        ),
        Line(
            LinePrimitive {
                x1: 162.0,
                y1: 129.5,
                x2: 282.0,
                y2: 129.5,
                color: Color {
                    r: 33,
                    g: 150,
                    b: 243,
                    a: 217,
                },
                width: 1.0,
            },
        ),
        Line(
            LinePrimitive {
                x1: 162.5,
                y1: 100.0,
                x2: 162.5,
                y2: 130.0,
                color: Color {
                    r: 33,
                    g: 150,
                    b: 243,
                    a: 217,
                },
                width: 1.0,
            },
        ),
        Line(
            LinePrimitive {
                x1: 281.5,
                y1: 100.0,
                x2: 281.5,
                y2: 130.0,
                color: Color {
                    r: 33,
                    g: 150,
                    b: 243,
                    a: 217,
                },
                width: 1.0,
            },
        ),
        Rect(
            RectPrimitive {
                x: 0.0,
                y: 0.0,
                width: 800.0,
                height: 40.0,
                fill: Color {
                    r: 248,
                    g: 249,
                    b: 251,
                    a: 255,
                },
                stroke: None,
                stroke_width: 0.0,
                corner_radius: 0.0,
                clip: None,
            },
        ),
        Text(
            TextPrimitive {
                x: 54.0,
                y: 24.9,
                text: "Col 0",
                color: Color {
                    r: 24,
                    g: 29,
                    b: 31,
                    a: 255,
                },
                font_size: 14.0,
                bold: true,
                italic: false,
                clip: Some(
                    [
                        42.0,
                        0.0,
                        120.0,
                        40.0,
                    ],
                ),
                align: Left,
                max_width: Some(
                    76.0,
                ),
            },
        ),
        Rect(
            RectPrimitive {
                x: 139.8,
                y: 14.3,
                width: 2.4,
                height: 2.4,
                fill: Color {
                    r: 24,
                    g: 29,
                    b: 31,
                    a: 180,
                },
                stroke: None,
                stroke_width: 0.0,
                corner_radius: 1.2,
                clip: None,
            },
        ),
        Rect(
            RectPrimitive {
                x: 139.8,
                y: 18.8,
                width: 2.4,
                height: 2.4,
                fill: Color {
                    r: 24,
                    g: 29,
                    b: 31,
                    a: 180,
                },
                stroke: None,
                stroke_width: 0.0,
                corner_radius: 1.2,
                clip: None,
            },
        ),
        Rect(
            RectPrimitive {
                x: 139.8,
                y: 23.3,
                width: 2.4,
                height: 2.4,
                fill: Color {
                    r: 24,
                    g: 29,
                    b: 31,
                    a: 180,
                },
                stroke: None,
                stroke_width: 0.0,
                corner_radius: 1.2,
                clip: None,
            },
        ),
        Line(
            LinePrimitive {
                x1: 161.5,
                y1: 15.0,
                x2: 161.5,
                y2: 25.0,
                color: Color {
                    r: 186,
                    g: 191,
                    b: 199,
                    a: 255,
                },
                width: 2.0,
            },
        ),
        Rect(
            RectPrimitive {
                x: 162.0,
                y: 0.0,
                width: 120.0,
                height: 40.0,
                fill: Color {
                    r: 33,
                    g: 150,
                    b: 243,
                    a: 20,
                },
                stroke: None,
                stroke_width: 0.0,
                corner_radius: 0.0,
                clip: None,
            },
        ),
        Text(
            TextPrimitive {
                x: 174.0,
                y: 24.9,
                text: "Col 1",
                color: Color {
                    r: 24,
                    g: 29,
                    b: 31,
                    a: 255,
                },
                font_size: 14.0,
                bold: true,
                italic: false,
                clip: Some(
                    [
                        162.0,
                        0.0,
                        120.0,
                        40.0,
                    ],
                ),
                align: Left,
                max_width: Some(
                    76.0,
                ),
            },
        ),
        Rect(
            RectPrimitive {
                x: 259.8,
                y: 14.3,
                width: 2.4,
                height: 2.4,
                fill: Color {
                    r: 24,
                    g: 29,
                    b: 31,
                    a: 180,
                },
                stroke: None,
                stroke_width: 0.0,
                corner_radius: 1.2,
                clip: None,
            },
        ),
        Rect(
            RectPrimitive {
                x: 259.8,
                y: 18.8,
                width: 2.4,
                height: 2.4,
                fill: Color {
                    r: 24,
                    g: 29,
                    b: 31,
                    a: 180,
                },
                stroke: None,
                stroke_width: 0.0,
                corner_radius: 1.2,
                clip: None,
            },
        ),
        Rect(
            RectPrimitive {
                x: 259.8,
                y: 23.3,
                width: 2.4,
                height: 2.4,
                fill: Color {
                    r: 24,
                    g: 29,
                    b: 31,
                    a: 180,
                },
                stroke: None,
                stroke_width: 0.0,
                corner_radius: 1.2,
                clip: None,
            },
        ),
        Line(
            LinePrimitive {
                x1: 281.5,
                y1: 15.0,
                x2: 281.5,
                y2: 25.0,
                color: Color {
                    r: 186,
                    g: 191,
                    b: 199,
                    a: 255,
                },
                width: 2.0,
            },
        ),
        Text(
            TextPrimitive {
                x: 294.0,
                y: 24.9,
                text: "Col 2",
                color: Color {
                    r: 24,
                    g: 29,
                    b: 31,
                    a: 255,
                },
                font_size: 14.0,
                bold: true,
                italic: false,
                clip: Some(
                    [
                        282.0,
                        0.0,
                        120.0,
                        40.0,
                    ],
                ),
                align: Left,
                max_width: Some(
                    76.0,
                ),
            },
        ),
        Rect(
            RectPrimitive {
                x: 379.8,
                y: 14.3,
                width: 2.4,
                height: 2.4,
                fill: Color {
                    r: 24,
                    g: 29,
                    b: 31,
                    a: 180,
                },
                stroke: None,
                stroke_width: 0.0,
                corner_radius: 1.2,
                clip: None,
            },
        ),
        Rect(
            RectPrimitive {
                x: 379.8,
                y: 18.8,
                width: 2.4,
                height: 2.4,
                fill: Color {
                    r: 24,
                    g: 29,
                    b: 31,
                    a: 180,
                },
                stroke: None,
                stroke_width: 0.0,
                corner_radius: 1.2,
                clip: None,
            },
        ),
        Rect(
            RectPrimitive {
                x: 379.8,
                y: 23.3,
                width: 2.4,
                height: 2.4,
                fill: Color {
                    r: 24,
                    g: 29,
                    b: 31,
                    a: 180,
                },
                stroke: None,
                stroke_width: 0.0,
                corner_radius: 1.2,
                clip: None,
            },
        ),
        Line(
            LinePrimitive {
                x1: 401.5,
                y1: 15.0,
                x2: 401.5,
                y2: 25.0,
                color: Color {
                    r: 186,
                    g: 191,
                    b: 199,
                    a: 255,
                },
                width: 2.0,
            },
        ),
        Text(
            TextPrimitive {
                x: 414.0,
                y: 24.9,
                text: "Col 3",
                color: Color {
                    r: 24,
                    g: 29,
                    b: 31,
                    a: 255,
                },
                font_size: 14.0,
                bold: true,
                italic: false,
                clip: Some(
                    [
                        402.0,
                        0.0,
                        120.0,
                        40.0,
                    ],
                ),
                align: Left,
                max_width: Some(
                    76.0,
                ),
            },
        ),
        Rect(
            RectPrimitive {
                x: 499.8,
                y: 14.3,
                width: 2.4,
                height: 2.4,
                fill: Color {
                    r: 24,
                    g: 29,
                    b: 31,
                    a: 180,
                },
                stroke: None,
                stroke_width: 0.0,
                corner_radius: 1.2,
                clip: None,
            },
        ),
        Rect(
            RectPrimitive {
                x: 499.8,
                y: 18.8,
                width: 2.4,
                height: 2.4,
                fill: Color {
                    r: 24,
                    g: 29,
                    b: 31,
                    a: 180,
                },
                stroke: None,
                stroke_width: 0.0,
                corner_radius: 1.2,
                clip: None,
            },
        ),
        Rect(
            RectPrimitive {
                x: 499.8,
                y: 23.3,
                width: 2.4,
                height: 2.4,
                fill: Color {
                    r: 24,
                    g: 29,
                    b: 31,
                    a: 180,
                },
                stroke: None,
                stroke_width: 0.0,
                corner_radius: 1.2,
                clip: None,
            },
        ),
        Line(
            LinePrimitive {
                x1: 521.5,
                y1: 15.0,
                x2: 521.5,
                y2: 25.0,
                color: Color {
                    r: 186,
                    g: 191,
                    b: 199,
                    a: 255,
                },
                width: 2.0,
            },
        ),
        Text(
            TextPrimitive {
                x: 534.0,
                y: 24.9,
                text: "Col 4",
                color: Color {
                    r: 24,
                    g: 29,
                    b: 31,
                    a: 255,
                },
                font_size: 14.0,
                bold: true,
                italic: false,
                clip: Some(
                    [
                        522.0,
                        0.0,
                        120.0,
                        40.0,
                    ],
                ),
                align: Left,
                max_width: Some(
                    76.0,
                ),
            },
        ),
        Rect(
            RectPrimitive {
                x: 619.8,
                y: 14.3,
                width: 2.4,
                height: 2.4,
                fill: Color {
                    r: 24,
                    g: 29,
                    b: 31,
                    a: 180,
                },
                stroke: None,
                stroke_width: 0.0,
                corner_radius: 1.2,
                clip: None,
            },
        ),
        Rect(
            RectPrimitive {
                x: 619.8,
                y: 18.8,
                width: 2.4,
                height: 2.4,
                fill: Color {
                    r: 24,
                    g: 29,
                    b: 31,
                    a: 180,
                },
                stroke: None,
                stroke_width: 0.0,
                corner_radius: 1.2,
                clip: None,
            },
        ),
        Rect(
            RectPrimitive {
                x: 619.8,
                y: 23.3,
                width: 2.4,
                height: 2.4,
                fill: Color {
                    r: 24,
                    g: 29,
                    b: 31,
                    a: 180,
                },
                stroke: None,
                stroke_width: 0.0,
                corner_radius: 1.2,
                clip: None,
            },
        ),
        Line(
            LinePrimitive {
                x1: 641.5,
                y1: 15.0,
                x2: 641.5,
                y2: 25.0,
                color: Color {
                    r: 186,
                    g: 191,
                    b: 199,
                    a: 255,
                },
                width: 2.0,
            },
        ),
        Line(
            LinePrimitive {
                x1: 0.0,
                y1: 39.5,
                x2: 800.0,
                y2: 39.5,
                color: Color {
                    r: 186,
                    g: 191,
                    b: 199,
                    a: 255,
                },
                width: 1.0,
            },
        ),
        Rect(
            RectPrimitive {
                x: 0.0,
                y: 0.0,
                width: 42.0,
                height: 400.0,
                fill: Color {
                    r: 248,
                    g: 249,
                    b: 251,
                    a: 255,
                },
                stroke: None,
                stroke_width: 0.0,
                corner_radius: 0.0,
                clip: None,
            },
        ),
        Text(
            TextPrimitive {
                x: 30.0,
                y: 59.9,
                text: "1",
                color: Color {
                    r: 24,
                    g: 29,
                    b: 31,
                    a: 180,
                },
                font_size: 14.0,
                bold: true,
                italic: false,
                clip: Some(
                    [
                        0.0,
                        40.0,
                        42.0,
                        30.0,
                    ],
                ),
                align: Right,
                max_width: None,
            },
        ),
        Line(
            LinePrimitive {
                x1: 0.0,
                y1: 69.5,
                x2: 42.0,
                y2: 69.5,
                color: Color {
                    r: 226,
                    g: 232,
                    b: 240,
                    a: 255,
                },
                width: 1.0,
            },
        ),
        Text(
            TextPrimitive {
                x: 30.0,
                y: 89.9,
                text: "2",
                color: Color {
                    r: 24,
                    g: 29,
                    b: 31,
                    a: 180,
                },
                font_size: 14.0,
                bold: true,
                italic: false,
                clip: Some(
                    [
                        0.0,
                        70.0,
                        42.0,
                        30.0,
                    ],
                ),
                align: Right,
                max_width: None,
            },
        ),
        Line(
            LinePrimitive {
                x1: 0.0,
                y1: 99.5,
                x2: 42.0,
                y2: 99.5,
                color: Color {
                    r: 226,
                    g: 232,
                    b: 240,
                    a: 255,
                },
                width: 1.0,
            },
        ),
        Rect(
            RectPrimitive {
                x: 0.0,
                y: 100.0,
                width: 42.0,
                height: 30.0,
                fill: Color {
                    r: 33,
                    g: 150,
                    b: 243,
                    a: 20,
                },
                stroke: None,
                stroke_width: 0.0,
                corner_radius: 0.0,
                clip: None,
            },
        ),
        Text(
            TextPrimitive {
                x: 30.0,
                y: 119.9,
                text: "3",
                color: Color {
                    r: 24,
                    g: 29,
                    b: 31,
                    a: 180,
                },
                font_size: 14.0,
                bold: true,
                italic: false,
                clip: Some(
                    [
                        0.0,
                        100.0,
                        42.0,
                        30.0,
                    ],
                ),
                align: Right,
                max_width: None,
            },
        ),
        Line(
            LinePrimitive {
                x1: 0.0,
                y1: 129.5,
                x2: 42.0,
                y2: 129.5,
                color: Color {
                    r: 226,
                    g: 232,
                    b: 240,
                    a: 255,
                },
                width: 1.0,
            },
        ),
        Text(
            TextPrimitive {
                x: 30.0,
                y: 149.9,
                text: "4",
                color: Color {
                    r: 24,
                    g: 29,
                    b: 31,
                    a: 180,
                },
                font_size: 14.0,
                bold: true,
                italic: false,
                clip: Some(
                    [
                        0.0,
                        130.0,
                        42.0,
                        30.0,
                    ],
                ),
                align: Right,
                max_width: None,
            },
        ),
        Line(
            LinePrimitive {
                x1: 0.0,
                y1: 159.5,
                x2: 42.0,
                y2: 159.5,
                color: Color {
                    r: 226,
                    g: 232,
                    b: 240,
                    a: 255,
                },
                width: 1.0,
            },
        ),
        Text(
            TextPrimitive {
                x: 30.0,
                y: 179.9,
                text: "5",
                color: Color {
                    r: 24,
                    g: 29,
                    b: 31,
                    a: 180,
                },
                font_size: 14.0,
                bold: true,
                italic: false,
                clip: Some(
                    [
                        0.0,
                        160.0,
                        42.0,
                        30.0,
                    ],
                ),
                align: Right,
                max_width: None,
            },
        ),
        Line(
            LinePrimitive {
                x1: 0.0,
                y1: 189.5,
                x2: 42.0,
                y2: 189.5,
                color: Color {
                    r: 226,
                    g: 232,
                    b: 240,
                    a: 255,
                },
                width: 1.0,
            },
        ),
        Text(
            TextPrimitive {
                x: 30.0,
                y: 209.9,
                text: "6",
                color: Color {
                    r: 24,
                    g: 29,
                    b: 31,
                    a: 180,
                },
                font_size: 14.0,
                bold: true,
                italic: false,
                clip: Some(
                    [
                        0.0,
                        190.0,
                        42.0,
                        30.0,
                    ],
                ),
                align: Right,
                max_width: None,
            },
        ),
        Line(
            LinePrimitive {
                x1: 0.0,
                y1: 219.5,
                x2: 42.0,
                y2: 219.5,
                color: Color {
                    r: 226,
                    g: 232,
                    b: 240,
                    a: 255,
                },
                width: 1.0,
            },
        ),
        Text(
            TextPrimitive {
                x: 30.0,
                y: 239.9,
                text: "7",
                color: Color {
                    r: 24,
                    g: 29,
                    b: 31,
                    a: 180,
                },
                font_size: 14.0,
                bold: true,
                italic: false,
                clip: Some(
                    [
                        0.0,
                        220.0,
                        42.0,
                        30.0,
                    ],
                ),
                align: Right,
                max_width: None,
            },
        ),
        Line(
            LinePrimitive {
                x1: 0.0,
                y1: 249.5,
                x2: 42.0,
                y2: 249.5,
                color: Color {
                    r: 226,
                    g: 232,
                    b: 240,
                    a: 255,
                },
                width: 1.0,
            },
        ),
        Text(
            TextPrimitive {
                x: 30.0,
                y: 269.9,
                text: "8",
                color: Color {
                    r: 24,
                    g: 29,
                    b: 31,
                    a: 180,
                },
                font_size: 14.0,
                bold: true,
                italic: false,
                clip: Some(
                    [
                        0.0,
                        250.0,
                        42.0,
                        30.0,
                    ],
                ),
                align: Right,
                max_width: None,
            },
        ),
        Line(
            LinePrimitive {
                x1: 0.0,
                y1: 279.5,
                x2: 42.0,
                y2: 279.5,
                color: Color {
                    r: 226,
                    g: 232,
                    b: 240,
                    a: 255,
                },
                width: 1.0,
            },
        ),
        Text(
            TextPrimitive {
                x: 30.0,
                y: 299.9,
                text: "9",
                color: Color {
                    r: 24,
                    g: 29,
                    b: 31,
                    a: 180,
                },
                font_size: 14.0,
                bold: true,
                italic: false,
                clip: Some(
                    [
                        0.0,
                        280.0,
                        42.0,
                        30.0,
                    ],
                ),
                align: Right,
                max_width: None,
            },
        ),
        Line(
            LinePrimitive {
                x1: 0.0,
                y1: 309.5,
                x2: 42.0,
                y2: 309.5,
                color: Color {
                    r: 226,
                    g: 232,
                    b: 240,
                    a: 255,
                },
                width: 1.0,
            },
        ),
        Text(
            TextPrimitive {
                x: 30.0,
                y: 329.9,
                text: "10",
                color: Color {
                    r: 24,
                    g: 29,
                    b: 31,
                    a: 180,
                },
                font_size: 14.0,
                bold: true,
                italic: false,
                clip: Some(
                    [
                        0.0,
                        310.0,
                        42.0,
                        30.0,
                    ],
                ),
                align: Right,
                max_width: None,
            },
        ),
        Line(
            LinePrimitive {
                x1: 0.0,
                y1: 339.5,
                x2: 42.0,
                y2: 339.5,
                color: Color {
                    r: 226,
                    g: 232,
                    b: 240,
                    a: 255,
                },
                width: 1.0,
            },
        ),
        Text(
            TextPrimitive {
                x: 30.0,
                y: 359.9,
                text: "11",
                color: Color {
                    r: 24,
                    g: 29,
                    b: 31,
                    a: 180,
                },
                font_size: 14.0,
                bold: true,
                italic: false,
                clip: Some(
                    [
                        0.0,
                        340.0,
                        42.0,
                        30.0,
                    ],
                ),
                align: Right,
                max_width: None,
            },
        ),
        Line(
            LinePrimitive {
                x1: 0.0,
                y1: 369.5,
                x2: 42.0,
                y2: 369.5,
                color: Color {
                    r: 226,
                    g: 232,
                    b: 240,
                    a: 255,
                },
                width: 1.0,
            },
        ),
        Text(
            TextPrimitive {
                x: 30.0,
                y: 389.9,
                text: "12",
                color: Color {
                    r: 24,
                    g: 29,
                    b: 31,
                    a: 180,
                },
                font_size: 14.0,
                bold: true,
                italic: false,
                clip: Some(
                    [
                        0.0,
                        370.0,
                        42.0,
                        30.0,
                    ],
                ),
                align: Right,
                max_width: None,
            },
        ),
        Line(
            LinePrimitive {
                x1: 0.0,
                y1: 399.5,
                x2: 42.0,
                y2: 399.5,
                color: Color {
                    r: 226,
                    g: 232,
                    b: 240,
                    a: 255,
                },
                width: 1.0,
            },
        ),
        Text(
            TextPrimitive {
                x: 30.0,
                y: 419.9,
                text: "13",
                color: Color {
                    r: 24,
                    g: 29,
                    b: 31,
                    a: 180,
                },
                font_size: 14.0,
                bold: true,
                italic: false,
                clip: Some(
                    [
                        0.0,
                        400.0,
                        42.0,
                        30.0,
                    ],
                ),
                align: Right,
                max_width: None,
            },
        ),
        Line(
            LinePrimitive {
                x1: 0.0,
                y1: 429.5,
                x2: 42.0,
                y2: 429.5,
                color: Color {
                    r: 226,
                    g: 232,
                    b: 240,
                    a: 255,
                },
                width: 1.0,
            },
        ),
        Line(
            LinePrimitive {
                x1: 41.5,
                y1: 0.0,
                x2: 41.5,
                y2: 400.0,
                color: Color {
                    r: 186,
                    g: 191,
                    b: 199,
                    a: 255,
                },
                width: 1.0,
            },
        ),
        Line(
            LinePrimitive {
                x1: 0.0,
                y1: 39.5,
                x2: 42.0,
                y2: 39.5,
                color: Color {
                    r: 186,
                    g: 191,
                    b: 199,
                    a: 255,
                },
                width: 1.0,
            },
        ),
        Rect(
            RectPrimitive {
                x: 786.0,
                y: 40.0,
                width: 14.0,
                height: 14.0,
                fill: Color {
                    r: 241,
                    g: 242,
                    b: 244,
                    a: 255,
                },
                stroke: None,
                stroke_width: 0.0,
                corner_radius: 0.0,
                clip: None,
            },
        ),
        Rect(
            RectPrimitive {
                x: 786.0,
                y: 386.0,
                width: 14.0,
                height: 14.0,
                fill: Color {
                    r: 241,
                    g: 242,
                    b: 244,
                    a: 255,
                },
                stroke: None,
                stroke_width: 0.0,
                corner_radius: 0.0,
                clip: None,
            },
        ),
        Polygon(
            PolygonPrimitive {
                points: [
                    [
                        793.0,
                        44.165,
                    ],
                    [
                        799.3,
                        53.3,
                    ],
                    [
                        786.7,
                        53.3,
                    ],
                ],
                fill: Color {
                    r: 0,
                    g: 0,
                    b: 0,
                    a: 71,
                },
                corner_radius: 1.575,
            },
        ),
        Polygon(
            PolygonPrimitive {
                points: [
                    [
                        793.0,
                        395.835,
                    ],
                    [
                        799.3,
                        386.7,
                    ],
                    [
                        786.7,
                        386.7,
                    ],
                ],
                fill: Color {
                    r: 0,
                    g: 0,
                    b: 0,
                    a: 71,
                },
                corner_radius: 1.575,
            },
        ),
        Rect(
            RectPrimitive {
                x: 786.0,
                y: 54.0,
                width: 14.0,
                height: 332.0,
                fill: Color {
                    r: 241,
                    g: 242,
                    b: 244,
                    a: 255,
                },
                stroke: None,
                stroke_width: 0.0,
                corner_radius: 0.0,
                clip: None,
            },
        ),
        Rect(
            RectPrimitive {
                x: 789.0,
                y: 57.0,
                width: 8.0,
                height: 180.75,
                fill: Color {
                    r: 0,
                    g: 0,
                    b: 0,
                    a: 71,
                },
                stroke: None,
                stroke_width: 0.0,
                corner_radius: 6.0,
                clip: None,
            },
        ),
    ],
    button_zones: [],
    viewport_width: 800.0,
    viewport_height: 400.0,
    dpr: 1.0,
}
